loaded from .env: JUPITER_API_KEY
session 20260918-045128-2dfd · mode PAPER · headless · Ctrl-C to stop
04:51:28  opps     0  executed   0  sims    0 (0 failed)  pnl(sim) $0.00  jupiter idle  429s 0  slot -
04:51:43  opps     6  executed   0  sims    4 (1 failed)  pnl(sim) $0.00  jupiter ok  429s 0  slot 448034750
04:51:58  opps    12  executed   0  sims   11 (1 failed)  pnl(sim) $0.00  jupiter ok  429s 0  slot 448034806
04:52:13  opps    18  executed   0  sims   18 (3 failed)  pnl(sim) $0.00  jupiter ok  429s 0  slot 448034861
04:52:28  opps    23  executed   0  sims   22 (5 failed)  pnl(sim) $0.00  jupiter ok  429s 0  slot 448034917
04:52:43  opps    29  executed   0  sims   29 (5 failed)  pnl(sim) $0.00  jupiter ok  429s 0  slot 448034977
04:52:58  opps    36  executed   0  sims   36 (6 failed)  pnl(sim) $0.00  jupiter ok  429s 0  slot 448035034
04:53:13  opps    42  executed   0  sims   42 (7 failed)  pnl(sim) $0.00  jupiter ok  429s 0  slot 448035089
04:53:28  opps    48  executed   0  sims   48 (8 failed)  pnl(sim) $0.00  jupiter ok  429s 0  slot 448035146
04:53:43  opps    53  executed   0  sims   53 (9 failed)  pnl(sim) $0.00  jupiter ok  429s 0  slot 448035202
04:53:58  opps    59  executed   0  sims   58 (11 failed)  pnl(sim) $0.00  jupiter ok  429s 0  slot 448035259
04:54:13  opps    65  executed   0  sims   64 (13 failed)  pnl(sim) $0.00  jupiter ok  429s 0  slot 448035315
04:54:28  opps    71  executed   0  sims   70 (14 failed)  pnl(sim) $0.00  jupiter ok  429s 0  slot 448035368
04:54:43  opps    77  executed   0  sims   76 (16 failed)  pnl(sim) $0.00  jupiter ok  429s 0  slot 448035423
04:54:58  opps    83  executed   0  sims   82 (17 failed)  pnl(sim) $0.00  jupiter ok  429s 0  slot 448035478
04:55:13  opps    88  executed   0  sims   87 (18 failed)  pnl(sim) $0.00  jupiter ok  429s 0  slot 448035538
04:55:28  opps    94  executed   0  sims   93 (21 failed)  pnl(sim) $0.00  jupiter ok  429s 0  slot 448035591
04:55:43  opps    99  executed   0  sims   98 (22 failed)  pnl(sim) $0.00  jupiter ok  429s 0  slot 448035646
04:55:58  opps   103  executed   0  sims   98 (22 failed)  pnl(sim) $0.00  jupiter down  429s 0  slot 448035648
04:56:13  opps   108  executed   0  sims  102 (22 failed)  pnl(sim) $0.00  jupiter ok  429s 0  slot 448035757
04:56:28  opps   112  executed   0  sims  105 (23 failed)  pnl(sim) $0.00  jupiter ok  429s 0  slot 448035811
04:56:43  opps   118  executed   0  sims  110 (23 failed)  pnl(sim) $0.00  jupiter ok  429s 0  slot 448035872
04:56:58  opps   121  executed   0  sims  113 (23 failed)  pnl(sim) $0.00  jupiter ok  429s 0  slot 448035915
04:57:13  opps   127  executed   0  sims  113 (23 failed)  pnl(sim) $0.00  jupiter down  429s 0  slot 448035915
04:57:28  opps   132  executed   0  sims  117 (24 failed)  pnl(sim) $0.00  jupiter 429 backoff  429s 1  slot 448036045
04:57:43  opps   137  executed   0  sims  122 (25 failed)  pnl(sim) $0.00  jupiter degraded  429s 1  slot 448036097
04:57:58  opps   144  executed   0  sims  128 (28 failed)  pnl(sim) $0.00  jupiter degraded  429s 1  slot 448036155
04:58:13  opps   149  executed   0  sims  134 (29 failed)  pnl(sim) $0.00  jupiter ok  429s 1  slot 448036212
04:58:28  opps   156  executed   0  sims  141 (31 failed)  pnl(sim) $0.00  jupiter ok  429s 1  slot 448036269
04:58:43  opps   161  executed   0  sims  146 (33 failed)  pnl(sim) $0.00  jupiter ok  429s 1  slot 448036325
04:58:58  opps   167  executed   0  sims  152 (35 failed)  pnl(sim) $0.00  jupiter ok  429s 1  slot 448036383
04:59:13  opps   173  executed   0  sims  158 (37 failed)  pnl(sim) $0.00  jupiter ok  429s 1  slot 448036437
04:59:28  opps   179  executed   0  sims  164 (39 failed)  pnl(sim) $0.00  jupiter ok  429s 1  slot 448036497
04:59:43  opps   185  executed   0  sims  169 (40 failed)  pnl(sim) $0.00  jupiter ok  429s 1  slot 448036554
04:59:58  opps   191  executed   0  sims  176 (42 failed)  pnl(sim) $0.00  jupiter ok  429s 1  slot 448036609
05:00:13  opps   197  executed   0  sims  179 (43 failed)  pnl(sim) $0.00  jupiter ok  429s 1  slot 448036663
05:00:28  opps   203  executed   0  sims  185 (45 failed)  pnl(sim) $0.00  jupiter ok  429s 1  slot 448036719
05:00:43  opps   208  executed   0  sims  190 (46 failed)  pnl(sim) $0.00  jupiter ok  429s 1  slot 448036777
05:00:58  opps   215  executed   0  sims  196 (48 failed)  pnl(sim) $0.00  jupiter ok  429s 1  slot 448036833
05:01:13  opps   220  executed   0  sims  203 (50 failed)  pnl(sim) $0.00  jupiter ok  429s 1  slot 448036888
05:01:28  opps   227  executed   0  sims  207 (52 failed)  pnl(sim) $0.00  jupiter ok  429s 1  slot 448036944
05:01:43  opps   232  executed   0  sims  212 (53 failed)  pnl(sim) $0.00  jupiter ok  429s 1  slot 448037001
05:01:58  opps   238  executed   0  sims  218 (54 failed)  pnl(sim) $0.00  jupiter ok  429s 1  slot 448037058
05:02:13  opps   244  executed   0  sims  225 (55 failed)  pnl(sim) $0.00  jupiter ok  429s 1  slot 448037120
05:02:28  opps   250  executed   0  sims  231 (56 failed)  pnl(sim) $0.00  jupiter ok  429s 1  slot 448037175
05:02:43  opps   256  executed   0  sims  237 (58 failed)  pnl(sim) $0.00  jupiter ok  429s 1  slot 448037230
05:02:58  opps   262  executed   0  sims  243 (58 failed)  pnl(sim) $0.00  jupiter ok  429s 1  slot 448037283
05:03:13  opps   268  executed   0  sims  249 (60 failed)  pnl(sim) $0.00  jupiter ok  429s 1  slot 448037341
05:03:28  opps   274  executed   0  sims  255 (62 failed)  pnl(sim) $0.00  jupiter ok  429s 1  slot 448037393
05:03:43  opps   279  executed   0  sims  260 (63 failed)  pnl(sim) $0.00  jupiter ok  429s 1  slot 448037450
05:03:58  opps   286  executed   0  sims  266 (63 failed)  pnl(sim) $0.00  jupiter ok  429s 1  slot 448037506
05:04:13  opps   291  executed   0  sims  272 (65 failed)  pnl(sim) $0.00  jupiter ok  429s 1  slot 448037564
05:04:28  opps   297  executed   0  sims  276 (66 failed)  pnl(sim) $0.00  jupiter ok  429s 1  slot 448037613
05:04:43  opps   302  executed   0  sims  283 (66 failed)  pnl(sim) $0.00  jupiter ok  429s 1  slot 448037663
05:04:58  opps   308  executed   0  sims  289 (68 failed)  pnl(sim) $0.00  jupiter ok  429s 1  slot 448037724
05:05:13  opps   314  executed   0  sims  295 (69 failed)  pnl(sim) $0.00  jupiter ok  429s 1  slot 448037781
05:05:28  opps   320  executed   0  sims  301 (70 failed)  pnl(sim) $0.00  jupiter ok  429s 1  slot 448037837
05:05:43  opps   324  executed   0  sims  303 (70 failed)  pnl(sim) $0.00  jupiter down  429s 1  slot 448037848
05:05:58  opps   328  executed   0  sims  303 (70 failed)  pnl(sim) $0.00  jupiter down  429s 1  slot 448037848
05:06:13  opps   332  executed   0  sims  303 (70 failed)  pnl(sim) $0.00  jupiter down  429s 1  slot 448038006
05:06:28  opps   337  executed   0  sims  308 (71 failed)  pnl(sim) $0.00  jupiter degraded  429s 1  slot 448038064
05:06:43  opps   344  executed   0  sims  314 (72 failed)  pnl(sim) $0.00  jupiter degraded  429s 1  slot 448038118
05:06:58  opps   348  executed   0  sims  317 (73 failed)  pnl(sim) $0.00  jupiter ok  429s 1  slot 448038139
05:07:13  opps   352  executed   0  sims  317 (73 failed)  pnl(sim) $0.00  jupiter down  429s 1  slot 448038139
05:07:28  opps   356  executed   0  sims  317 (73 failed)  pnl(sim) $0.00  jupiter down  429s 1  slot 448038139
05:07:43  opps   360  executed   0  sims  317 (73 failed)  pnl(sim) $0.00  jupiter down  429s 1  slot 448038139
05:07:58  opps   364  executed   0  sims  317 (73 failed)  pnl(sim) $0.00  jupiter down  429s 1  slot 448038139
05:08:13  opps   371  executed   0  sims  317 (73 failed)  pnl(sim) $0.00  jupiter down  429s 1  slot 448038139
05:08:28  opps   384  executed   0  sims  317 (73 failed)  pnl(sim) $0.00  jupiter down  429s 1  slot 448038139
05:08:43  opps   397  executed   0  sims  317 (73 failed)  pnl(sim) $0.00  jupiter down  429s 1  slot 448038139
05:08:58  opps   410  executed   0  sims  317 (73 failed)  pnl(sim) $0.00  jupiter down  429s 1  slot 448038139
05:09:13  opps   423  executed   0  sims  317 (73 failed)  pnl(sim) $0.00  jupiter down  429s 1  slot 448038139
05:09:28  opps   430  executed   0  sims  317 (73 failed)  pnl(sim) $0.00  jupiter down  429s 1  slot 448038139
05:09:43  opps   444  executed   0  sims  317 (73 failed)  pnl(sim) $0.00  jupiter down  429s 1  slot 448038139
05:09:58  opps   458  executed   0  sims  317 (73 failed)  pnl(sim) $0.00  jupiter down  429s 1  slot 448038139
05:10:13  opps   470  executed   0  sims  317 (73 failed)  pnl(sim) $0.00  jupiter down  429s 1  slot 448038139
05:10:28  opps   483  executed   0  sims  317 (73 failed)  pnl(sim) $0.00  jupiter down  429s 1  slot 448038139
05:10:43  opps   486  executed   0  sims  317 (73 failed)  pnl(sim) $0.00  jupiter down  429s 1  slot 448038139
05:10:58  opps   493  executed   0  sims  317 (73 failed)  pnl(sim) $0.00  jupiter down  429s 1  slot 448038139
05:11:13  opps   501  executed   0  sims  317 (73 failed)  pnl(sim) $0.00  jupiter down  429s 1  slot 448038139
05:11:28  opps   505  executed   0  sims  317 (73 failed)  pnl(sim) $0.00  jupiter down  429s 1  slot 448038139
05:11:43  opps   508  executed   0  sims  317 (73 failed)  pnl(sim) $0.00  jupiter down  429s 1  slot 448038139
05:11:58  opps   512  executed   0  sims  317 (73 failed)  pnl(sim) $0.00  jupiter down  429s 1  slot 448038139
05:12:13  opps   516  executed   0  sims  317 (73 failed)  pnl(sim) $0.00  jupiter down  429s 1  slot 448038139
05:12:28  opps   520  executed   0  sims  317 (73 failed)  pnl(sim) $0.00  jupiter down  429s 1  slot 448038139
05:12:43  opps   523  executed   0  sims  317 (73 failed)  pnl(sim) $0.00  jupiter down  429s 1  slot 448038139
05:12:58  opps   535  executed   0  sims  317 (73 failed)  pnl(sim) $0.00  jupiter down  429s 1  slot 448038139
05:13:13  opps   547  executed   0  sims  317 (73 failed)  pnl(sim) $0.00  jupiter down  429s 1  slot 448038139
05:13:28  opps   554  executed   0  sims  317 (73 failed)  pnl(sim) $0.00  jupiter down  429s 1  slot 448038139
